[www.cheesy-engadin.ch/index.html]
[backblue.gif]
[fade.gif]
[index.html]
[framerusercontent.com/images/u0NdKQSUtTBgw2m9zgm2KRPOuXs.png]
[www.cheesy-engadin.ch/menu.html]
[www.cheesy-engadin.ch/catering.html]
[www.cheesy-engadin.ch/about-us.html]
[www.cheesy-engadin.ch/privacypolicy.html]
[www.cheesy-engadin.ch/impresum.html]
[framerusercontent.com/images/qNex6dwcZ9G5qblR3rY099KvTo2e6a.jpg]
[framerusercontent.com/images/ktBwtRANzqVgHjehtlWra0XY8w40d4.jpg]
[framerusercontent.com/images/bMquWmhZm7Vh4nkCruRgUBSkBQ9738.jpg]
[framerusercontent.com/images/l1KEZrh8sBedgzp5EcX6Rf6VX8aca0.jpg]
[www.cheesy-engadin.ch/index.html]
[framerusercontent.com/images/ktBwtRANzqVgHjehtlWra0XY8w.jpg]
[www.cheesy-engadin.ch/menu.html]
[framerusercontent.com/images/bMquWmhZm7Vh4nkCruRgUBSkBQ.jpg]
[www.cheesy-engadin.ch/catering.html]
[framerusercontent.com/images/l1KEZrh8sBedgzp5EcX6Rf6VX8.jpg]
[framerusercontent.com/images/wUmSQ0htXrD0nzAIUySrjsKftGU.jpg]
[framerusercontent.com/images/qTEEnt5uh8SC2GU1qZt8YcoQIRc.jpg]
[framerusercontent.com/images/qNex6dwcZ9G5qblR3rY099KvTo.jpg]
[framerusercontent.com/images/YjpknrFci6LKRFx1sUhC182Rg.jpg]
[framerusercontent.com/images/zrvblLVKf2wWEMmDqEnDkiRNJk.jpg]
[www.cheesy-engadin.ch/about-us.html]
[www.cheesy-engadin.ch/privacypolicy.html]
[www.cheesy-engadin.ch/impresum.html]
[www.cheesy-engadin.ch/_https_/snapwidget.com/js/snapwidget.html]
[www.cheesy-engadin.ch/_https_/snapwidget.com/embed/1098520_.html]
[www.cheesy-engadin.ch/_https_/snapwidget.com/embed/1098522_.html]
